unifying mu.cue with #ProjectConfig:
  field combination rejected by schema disjunction at schema.cue:105:13
  field combination rejected by schema disjunction at schema.cue:114:13
  field combination rejected by schema disjunction at schema.cue:120:13
  field combination rejected by schema disjunction at schema.cue:98:12
  plugins[0]: no disjunction variant accepts this value