unifying mu.cue with #ProjectConfig:
  field combination rejected by schema disjunction at schema.cue:104:13
  field combination rejected by schema disjunction at schema.cue:110:13
  field combination rejected by schema disjunction at schema.cue:88:12
  field combination rejected by schema disjunction at schema.cue:95:13
  plugins[0]: no disjunction variant accepts this value